
  .   ____          _            __ _ _
 /\\ / ___'_ __ _ _(_)_ __  __ _ \ \ \ \
( ( )\___ | '_ | '_| | '_ \/ _` | \ \ \ \
 \\/  ___)| |_)| | | | | || (_| |  ) ) ) )
  '  |____| .__|_| |_|_| |_\__, | / / / /
 =========|_|==============|___/=/_/_/_/

 :: Spring Boot ::                (v3.4.1)

2026-08-03T22:25:56.965-06:00  INFO 6092 --- [api-gateway] [           main] c.luxray.gateway.ApiGatewayApplication   : Starting ApiGatewayApplication v1.0.0-SNAPSHOT using Java 22.0.2 with PID 6092 (C:\DDI\luxray\backend\api-gateway\target\api-gateway-1.0.0-SNAPSHOT.jar started by sergi in C:\DDI\luxray\backend)
2026-08-03T22:25:57.076-06:00  INFO 6092 --- [api-gateway] [           main] c.luxray.gateway.ApiGatewayApplication   : No active profile set, falling back to 1 default profile: "default"
2026-08-03T22:26:01.819-06:00  INFO 6092 --- [api-gateway] [           main] .s.d.r.c.RepositoryConfigurationDelegate : Multiple Spring Data modules found, entering strict repository configuration mode
2026-08-03T22:26:01.836-06:00  INFO 6092 --- [api-gateway] [           main] .s.d.r.c.RepositoryConfigurationDelegate : Bootstrapping Spring Data Redis repositories in DEFAULT mode.
2026-08-03T22:26:01.936-06:00  INFO 6092 --- [api-gateway] [           main] .s.d.r.c.RepositoryConfigurationDelegate : Finished Spring Data repository scanning in 43 ms. Found 0 Redis repository interfaces.
2026-08-03T22:26:03.767-06:00  INFO 6092 --- [api-gateway] [           main] o.s.cloud.context.scope.GenericScope     : BeanFactory id=47d09783-e3a4-30de-aafe-35159838c5cf
2026-08-03T22:26:13.318-06:00  INFO 6092 --- [api-gateway] [           main] o.s.c.g.r.RouteDefinitionRouteLocator    : Loaded RoutePredicateFactory [After]
2026-08-03T22:26:13.323-06:00  INFO 6092 --- [api-gateway] [           main] o.s.c.g.r.RouteDefinitionRouteLocator    : Loaded RoutePredicateFactory [Before]
2026-08-03T22:26:13.324-06:00  INFO 6092 --- [api-gateway] [           main] o.s.c.g.r.RouteDefinitionRouteLocator    : Loaded RoutePredicateFactory [Between]
2026-08-03T22:26:13.325-06:00  INFO 6092 --- [api-gateway] [           main] o.s.c.g.r.RouteDefinitionRouteLocator    : Loaded RoutePredicateFactory [Cookie]
2026-08-03T22:26:13.332-06:00  INFO 6092 --- [api-gateway] [           main] o.s.c.g.r.RouteDefinitionRouteLocator    : Loaded RoutePredicateFactory [Header]
2026-08-03T22:26:13.334-06:00  INFO 6092 --- [api-gateway] [           main] o.s.c.g.r.RouteDefinitionRouteLocator    : Loaded RoutePredicateFactory [Host]
2026-08-03T22:26:13.336-06:00  INFO 6092 --- [api-gateway] [           main] o.s.c.g.r.RouteDefinitionRouteLocator    : Loaded RoutePredicateFactory [Method]
2026-08-03T22:26:13.336-06:00  INFO 6092 --- [api-gateway] [           main] o.s.c.g.r.RouteDefinitionRouteLocator    : Loaded RoutePredicateFactory [Path]
2026-08-03T22:26:13.338-06:00  INFO 6092 --- [api-gateway] [           main] o.s.c.g.r.RouteDefinitionRouteLocator    : Loaded RoutePredicateFactory [Query]
2026-08-03T22:26:13.339-06:00  INFO 6092 --- [api-gateway] [           main] o.s.c.g.r.RouteDefinitionRouteLocator    : Loaded RoutePredicateFactory [ReadBody]
2026-08-03T22:26:13.340-06:00  INFO 6092 --- [api-gateway] [           main] o.s.c.g.r.RouteDefinitionRouteLocator    : Loaded RoutePredicateFactory [RemoteAddr]
2026-08-03T22:26:13.342-06:00  INFO 6092 --- [api-gateway] [           main] o.s.c.g.r.RouteDefinitionRouteLocator    : Loaded RoutePredicateFactory [XForwardedRemoteAddr]
2026-08-03T22:26:13.343-06:00  INFO 6092 --- [api-gateway] [           main] o.s.c.g.r.RouteDefinitionRouteLocator    : Loaded RoutePredicateFactory [Weight]
2026-08-03T22:26:13.345-06:00  INFO 6092 --- [api-gateway] [           main] o.s.c.g.r.RouteDefinitionRouteLocator    : Loaded RoutePredicateFactory [CloudFoundryRouteService]
2026-08-03T22:26:14.417-06:00  INFO 6092 --- [api-gateway] [           main] o.s.b.a.e.web.EndpointLinksResolver      : Exposing 2 endpoints beneath base path '/actuator'
2026-08-03T22:26:15.670-06:00  INFO 6092 --- [api-gateway] [           main] DiscoveryClientOptionalArgsConfiguration : Eureka HTTP Client uses RestTemplate.
2026-08-03T22:26:15.768-06:00  WARN 6092 --- [api-gateway] [           main] iguration$LoadBalancerCaffeineWarnLogger : Spring Cloud LoadBalancer is currently working with the default cache. While this cache implementation is useful for development and tests, it's recommended to use Caffeine cache in production.You can switch to using Caffeine cache, by adding it and org.springframework.cache.caffeine.CaffeineCacheManager to the classpath.
2026-08-03T22:26:15.951-06:00  INFO 6092 --- [api-gateway] [           main] o.s.c.n.eureka.InstanceInfoFactory       : Setting initial instance status as: STARTING
2026-08-03T22:26:16.021-06:00  INFO 6092 --- [api-gateway] [           main] com.netflix.discovery.DiscoveryClient    : Initializing Eureka in region us-east-1
2026-08-03T22:26:16.046-06:00  INFO 6092 --- [api-gateway] [           main] c.n.d.s.r.aws.ConfigClusterResolver      : Resolving eureka endpoints via configuration
2026-08-03T22:26:16.080-06:00  INFO 6092 --- [api-gateway] [           main] com.netflix.discovery.DiscoveryClient    : Disable delta property : false
2026-08-03T22:26:16.082-06:00  INFO 6092 --- [api-gateway] [           main] com.netflix.discovery.DiscoveryClient    : Single vip registry refresh property : null
2026-08-03T22:26:16.083-06:00  INFO 6092 --- [api-gateway] [           main] com.netflix.discovery.DiscoveryClient    : Force full registry fetch : false
2026-08-03T22:26:16.084-06:00  INFO 6092 --- [api-gateway] [           main] com.netflix.discovery.DiscoveryClient    : Application is null : false
2026-08-03T22:26:16.085-06:00  INFO 6092 --- [api-gateway] [           main] com.netflix.discovery.DiscoveryClient    : Registered Applications size is zero : true
2026-08-03T22:26:16.085-06:00  INFO 6092 --- [api-gateway] [           main] com.netflix.discovery.DiscoveryClient    : Application version is -1: true
2026-08-03T22:26:16.086-06:00  INFO 6092 --- [api-gateway] [           main] com.netflix.discovery.DiscoveryClient    : Getting all instance registry info from the eureka server
2026-08-03T22:26:17.268-06:00  INFO 6092 --- [api-gateway] [           main] com.netflix.discovery.DiscoveryClient    : The response status is 200
2026-08-03T22:26:17.271-06:00  INFO 6092 --- [api-gateway] [           main] com.netflix.discovery.DiscoveryClient    : Starting heartbeat executor: renew interval is: 30
2026-08-03T22:26:17.276-06:00  INFO 6092 --- [api-gateway] [           main] c.n.discovery.InstanceInfoReplicator     : InstanceInfoReplicator onDemand update allowed rate per min is 4
2026-08-03T22:26:17.281-06:00  INFO 6092 --- [api-gateway] [           main] com.netflix.discovery.DiscoveryClient    : Discovery Client initialized at timestamp 1785817577280 with initial instances count: 0
2026-08-03T22:26:17.286-06:00  INFO 6092 --- [api-gateway] [           main] o.s.c.n.e.s.EurekaServiceRegistry        : Registering application API-GATEWAY with eureka with status UP
2026-08-03T22:26:17.289-06:00  INFO 6092 --- [api-gateway] [           main] com.netflix.discovery.DiscoveryClient    : Saw local status change event StatusChangeEvent [timestamp=1785817577288, current=UP, previous=STARTING]
2026-08-03T22:26:17.291-06:00  INFO 6092 --- [api-gateway] [foReplicator-%d] com.netflix.discovery.DiscoveryClient    : DiscoveryClient_API-GATEWAY/PC-Sergio.mshome.net:api-gateway:8080: registering service...
2026-08-03T22:26:17.607-06:00  INFO 6092 --- [api-gateway] [foReplicator-%d] com.netflix.discovery.DiscoveryClient    : DiscoveryClient_API-GATEWAY/PC-Sergio.mshome.net:api-gateway:8080 - registration status: 204
2026-08-03T22:26:17.836-06:00  INFO 6092 --- [api-gateway] [           main] o.s.b.web.embedded.netty.NettyWebServer  : Netty started on port 8080 (http)
2026-08-03T22:26:17.841-06:00  INFO 6092 --- [api-gateway] [           main] .s.c.n.e.s.EurekaAutoServiceRegistration : Updating port to 8080
2026-08-03T22:26:17.915-06:00  INFO 6092 --- [api-gateway] [           main] c.luxray.gateway.ApiGatewayApplication   : Started ApiGatewayApplication in 23.43 seconds (process running for 25.541)
2026-08-03T22:26:47.278-06:00  INFO 6092 --- [api-gateway] [reshExecutor-%d] com.netflix.discovery.DiscoveryClient    : Disable delta property : false
2026-08-03T22:26:47.281-06:00  INFO 6092 --- [api-gateway] [reshExecutor-%d] com.netflix.discovery.DiscoveryClient    : Single vip registry refresh property : null
2026-08-03T22:26:47.281-06:00  INFO 6092 --- [api-gateway] [reshExecutor-%d] com.netflix.discovery.DiscoveryClient    : Force full registry fetch : false
2026-08-03T22:26:47.281-06:00  INFO 6092 --- [api-gateway] [reshExecutor-%d] com.netflix.discovery.DiscoveryClient    : Application is null : false
2026-08-03T22:26:47.281-06:00  INFO 6092 --- [api-gateway] [reshExecutor-%d] com.netflix.discovery.DiscoveryClient    : Registered Applications size is zero : true
2026-08-03T22:26:47.281-06:00  INFO 6092 --- [api-gateway] [reshExecutor-%d] com.netflix.discovery.DiscoveryClient    : Application version is -1: false
2026-08-03T22:26:47.283-06:00  INFO 6092 --- [api-gateway] [reshExecutor-%d] com.netflix.discovery.DiscoveryClient    : Getting all instance registry info from the eureka server
2026-08-03T22:26:47.308-06:00  INFO 6092 --- [api-gateway] [reshExecutor-%d] com.netflix.discovery.DiscoveryClient    : The response status is 200
2026-08-03T22:31:16.102-06:00  INFO 6092 --- [api-gateway] [rap-executor-%d] c.n.d.s.r.aws.ConfigClusterResolver      : Resolving eureka endpoints via configuration
2026-08-03T22:36:16.121-06:00  INFO 6092 --- [api-gateway] [rap-executor-%d] c.n.d.s.r.aws.ConfigClusterResolver      : Resolving eureka endpoints via configuration
2026-08-03T22:41:16.128-06:00  INFO 6092 --- [api-gateway] [rap-executor-%d] c.n.d.s.r.aws.ConfigClusterResolver      : Resolving eureka endpoints via configuration
2026-08-03T22:46:16.140-06:00  INFO 6092 --- [api-gateway] [rap-executor-%d] c.n.d.s.r.aws.ConfigClusterResolver      : Resolving eureka endpoints via configuration
2026-08-03T22:51:16.156-06:00  INFO 6092 --- [api-gateway] [rap-executor-%d] c.n.d.s.r.aws.ConfigClusterResolver      : Resolving eureka endpoints via configuration
2026-08-03T22:56:16.165-06:00  INFO 6092 --- [api-gateway] [rap-executor-%d] c.n.d.s.r.aws.ConfigClusterResolver      : Resolving eureka endpoints via configuration
2026-08-03T23:01:16.177-06:00  INFO 6092 --- [api-gateway] [rap-executor-%d] c.n.d.s.r.aws.ConfigClusterResolver      : Resolving eureka endpoints via configuration
2026-08-03T23:06:16.187-06:00  INFO 6092 --- [api-gateway] [rap-executor-%d] c.n.d.s.r.aws.ConfigClusterResolver      : Resolving eureka endpoints via configuration
2026-08-03T23:11:16.382-06:00  INFO 6092 --- [api-gateway] [rap-executor-%d] c.n.d.s.r.aws.ConfigClusterResolver      : Resolving eureka endpoints via configuration
2026-08-03T23:16:16.401-06:00  INFO 6092 --- [api-gateway] [rap-executor-%d] c.n.d.s.r.aws.ConfigClusterResolver      : Resolving eureka endpoints via configuration
2026-08-03T23:21:16.409-06:00  INFO 6092 --- [api-gateway] [rap-executor-%d] c.n.d.s.r.aws.ConfigClusterResolver      : Resolving eureka endpoints via configuration
2026-08-03T23:26:16.413-06:00  INFO 6092 --- [api-gateway] [rap-executor-%d] c.n.d.s.r.aws.ConfigClusterResolver      : Resolving eureka endpoints via configuration
2026-08-03T23:31:16.417-06:00  INFO 6092 --- [api-gateway] [rap-executor-%d] c.n.d.s.r.aws.ConfigClusterResolver      : Resolving eureka endpoints via configuration
2026-08-03T23:36:16.422-06:00  INFO 6092 --- [api-gateway] [rap-executor-%d] c.n.d.s.r.aws.ConfigClusterResolver      : Resolving eureka endpoints via configuration
2026-08-03T23:41:16.530-06:00  INFO 6092 --- [api-gateway] [rap-executor-%d] c.n.d.s.r.aws.ConfigClusterResolver      : Resolving eureka endpoints via configuration
2026-08-03T23:46:16.540-06:00  INFO 6092 --- [api-gateway] [rap-executor-%d] c.n.d.s.r.aws.ConfigClusterResolver      : Resolving eureka endpoints via configuration
2026-08-03T23:51:16.547-06:00  INFO 6092 --- [api-gateway] [rap-executor-%d] c.n.d.s.r.aws.ConfigClusterResolver      : Resolving eureka endpoints via configuration
2026-08-03T23:56:16.549-06:00  INFO 6092 --- [api-gateway] [rap-executor-%d] c.n.d.s.r.aws.ConfigClusterResolver      : Resolving eureka endpoints via configuration
2026-08-04T00:01:16.555-06:00  INFO 6092 --- [api-gateway] [rap-executor-%d] c.n.d.s.r.aws.ConfigClusterResolver      : Resolving eureka endpoints via configuration
2026-08-04T00:06:16.572-06:00  INFO 6092 --- [api-gateway] [rap-executor-%d] c.n.d.s.r.aws.ConfigClusterResolver      : Resolving eureka endpoints via configuration
2026-08-04T00:11:16.588-06:00  INFO 6092 --- [api-gateway] [rap-executor-%d] c.n.d.s.r.aws.ConfigClusterResolver      : Resolving eureka endpoints via configuration
2026-08-04T00:16:16.606-06:00  INFO 6092 --- [api-gateway] [rap-executor-%d] c.n.d.s.r.aws.ConfigClusterResolver      : Resolving eureka endpoints via configuration
2026-08-04T00:21:16.623-06:00  INFO 6092 --- [api-gateway] [rap-executor-%d] c.n.d.s.r.aws.ConfigClusterResolver      : Resolving eureka endpoints via configuration
2026-08-04T00:26:16.630-06:00  INFO 6092 --- [api-gateway] [rap-executor-%d] c.n.d.s.r.aws.ConfigClusterResolver      : Resolving eureka endpoints via configuration
